main.c:123:5:main	8	static
main.c:184:6:SystemClock_Config	120	static
main.c:228:13:MX_TIM2_Init	56	static
main.c:287:13:MX_USART2_UART_Init	8	static
main.c:322:13:MX_GPIO_Init	40	static
main.c:369:6:UART_SendText	24	static
main.c:382:6:UART_SendNumber	120	static
main.c:389:6:start	16	static
main.c:419:6:right_sequence	8	static
main.c:439:6:wrong_sequence	16	static
main.c:461:6:generate_sequence	16	static
main.c:495:6:show_sequence	16	static
main.c:537:6:get_sequence	24	static
main.c:636:6:BEEP	24	static
main.c:646:6:HAL_TIM_IC_CaptureCallback	16	static
main.c:672:6:HAL_TIM_PeriodElapsedCallback	16	static
main.c:704:6:Error_Handler	4	static,ignoring_inline_asm
