main.c:99:5:main	8	static
main.c:240:6:SystemClock_Config	120	static
main.c:284:13:MX_TIM2_Init	56	static
main.c:342:13:MX_TIM16_Init	8	static
main.c:374:13:MX_USART2_UART_Init	8	static
main.c:409:13:MX_GPIO_Init	40	static
main.c:449:6:UART_SendText	24	static
main.c:462:6:UART_SendNumber	120	static
main.c:486:6:HAL_TIM_IC_CaptureCallback	16	static
main.c:575:6:start	16	static
main.c:600:6:right_sequence	8	static
main.c:618:6:wrong_sequence	16	static
main.c:638:6:generate_sequence	16	static
main.c:672:6:show_sequence	16	static
main.c:710:6:get_sequence	24	static
main.c:789:6:test_PIN	16	static
main.c:818:6:Error_Handler	4	static,ignoring_inline_asm
